// Jest Snapshot v1, https://jestjs.io/docs/snapshot-testing

exports[`<FirstApp /> should match with the snapshot 1`] = `
<div>
  <h1
    data-testid="test-title"
  >
    Hola
  </h1>
  <p>
    mundo
  </p>
  <p>
    mundo
  </p>
  <p>
    Barbara
  </p>
</div>
`;
